Analysis & Synthesis report for slc3
Sat Oct  3 13:20:53 2015
Quartus II 32-bit Version 13.1.4 Build 182 03/12/2014 SJ Full Version


---------------------
; Table of Contents ;
---------------------
  1. Legal Notice
  2. Analysis & Synthesis Summary
  3. Analysis & Synthesis Settings
  4. Parallel Compilation
  5. Analysis & Synthesis Source Files Read
  6. Analysis & Synthesis Resource Usage Summary
  7. Analysis & Synthesis Resource Utilization by Entity
  8. State Machine - |slc3|ISDU:state_controller|State
  9. Registers Removed During Synthesis
 10. Removed Registers Triggering Further Register Optimizations
 11. General Register Statistics
 12. Multiplexer Restructuring Statistics (Restructuring Performed)
 13. Parameter Settings for User Entity Instance: mux4:muxforCPU_bus
 14. Parameter Settings for User Entity Instance: datapath:d0|mux3:pcmux
 15. Parameter Settings for User Entity Instance: datapath:d0|mux3:adder2mux
 16. Parameter Settings for User Entity Instance: datapath:d0|mux2:adder1mux
 17. Parameter Settings for User Entity Instance: datapath:d0|sext:offset6_sext
 18. Parameter Settings for User Entity Instance: datapath:d0|sext:pc_offset11
 19. Parameter Settings for User Entity Instance: datapath:d0|sext:pc_offset9
 20. Parameter Settings for User Entity Instance: datapath:d0|register:pc
 21. Parameter Settings for User Entity Instance: datapath:d0|plus1:plus1unit
 22. Parameter Settings for User Entity Instance: datapath:d0|mux2:marmux
 23. Parameter Settings for User Entity Instance: datapath:d0|register:mar
 24. Parameter Settings for User Entity Instance: datapath:d0|mux3:mdrmux
 25. Parameter Settings for User Entity Instance: datapath:d0|register:mdr
 26. Parameter Settings for User Entity Instance: datapath:d0|sext:imm5_sext
 27. Parameter Settings for User Entity Instance: datapath:d0|mux2:sr2mux
 28. Parameter Settings for User Entity Instance: datapath:d0|mux2:alumux
 29. Parameter Settings for User Entity Instance: datapath:d0|mux2:storemux
 30. Parameter Settings for User Entity Instance: datapath:d0|register:cc
 31. Parameter Settings for User Entity Instance: tristate:tr0
 32. Port Connectivity Checks: "ISDU:state_controller"
 33. Port Connectivity Checks: "Mem2IO:memory_subsystem"
 34. Port Connectivity Checks: "datapath:d0|mux2:storemux"
 35. Port Connectivity Checks: "datapath:d0|alu:ArithmeticLogicUnit"
 36. Port Connectivity Checks: "datapath:d0|mux2:alumux"
 37. Port Connectivity Checks: "datapath:d0|ir:irunit"
 38. Port Connectivity Checks: "datapath:d0|mux3:mdrmux"
 39. Port Connectivity Checks: "datapath:d0|mux2:marmux"
 40. Port Connectivity Checks: "datapath:d0|sext:pc_offset9"
 41. Port Connectivity Checks: "datapath:d0|sext:pc_offset11"
 42. Port Connectivity Checks: "datapath:d0|sext:offset6_sext"
 43. Port Connectivity Checks: "datapath:d0"
 44. Elapsed Time Per Partition
 45. Analysis & Synthesis Messages



----------------
; Legal Notice ;
----------------
Copyright (C) 1991-2014 Altera Corporation
Your use of Altera Corporation's design tools, logic functions 
and other software and tools, and its AMPP partner logic 
functions, and any output files from any of the foregoing 
(including device programming or simulation files), and any 
associated documentation or information are expressly subject 
to the terms and conditions of the Altera Program License 
Subscription Agreement, Altera MegaCore Function License 
Agreement, or other applicable license agreement, including, 
without limitation, that your use is for the sole purpose of 
programming logic devices manufactured by Altera and sold by 
Altera or its authorized distributors.  Please refer to the 
applicable agreement for further details.



+----------------------------------------------------------------------------------+
; Analysis & Synthesis Summary                                                     ;
+------------------------------------+---------------------------------------------+
; Analysis & Synthesis Status        ; Successful - Sat Oct  3 13:20:53 2015       ;
; Quartus II 32-bit Version          ; 13.1.4 Build 182 03/12/2014 SJ Full Version ;
; Revision Name                      ; slc3                                        ;
; Top-level Entity Name              ; slc3                                        ;
; Family                             ; Cyclone IV E                                ;
; Total logic elements               ; 77                                          ;
;     Total combinational functions  ; 52                                          ;
;     Dedicated logic registers      ; 75                                          ;
; Total registers                    ; 75                                          ;
; Total pins                         ; 101                                         ;
; Total virtual pins                 ; 0                                           ;
; Total memory bits                  ; 0                                           ;
; Embedded Multiplier 9-bit elements ; 0                                           ;
; Total PLLs                         ; 0                                           ;
+------------------------------------+---------------------------------------------+


+----------------------------------------------------------------------------------------------------------------------+
; Analysis & Synthesis Settings                                                                                        ;
+----------------------------------------------------------------------------+--------------------+--------------------+
; Option                                                                     ; Setting            ; Default Value      ;
+----------------------------------------------------------------------------+--------------------+--------------------+
; Device                                                                     ; EP4CE115F29C7      ;                    ;
; Top-level entity name                                                      ; slc3               ; slc3               ;
; Family name                                                                ; Cyclone IV E       ; Cyclone IV GX      ;
; Use smart compilation                                                      ; Off                ; Off                ;
; Enable parallel Assembler and TimeQuest Timing Analyzer during compilation ; On                 ; On                 ;
; Enable compact report table                                                ; Off                ; Off                ;
; Restructure Multiplexers                                                   ; Auto               ; Auto               ;
; Create Debugging Nodes for IP Cores                                        ; Off                ; Off                ;
; Preserve fewer node names                                                  ; On                 ; On                 ;
; Disable OpenCore Plus hardware evaluation                                  ; Off                ; Off                ;
; Verilog Version                                                            ; Verilog_2001       ; Verilog_2001       ;
; VHDL Version                                                               ; VHDL_1993          ; VHDL_1993          ;
; State Machine Processing                                                   ; Auto               ; Auto               ;
; Safe State Machine                                                         ; Off                ; Off                ;
; Extract Verilog State Machines                                             ; On                 ; On                 ;
; Extract VHDL State Machines                                                ; On                 ; On                 ;
; Ignore Verilog initial constructs                                          ; Off                ; Off                ;
; Iteration limit for constant Verilog loops                                 ; 5000               ; 5000               ;
; Iteration limit for non-constant Verilog loops                             ; 250                ; 250                ;
; Add Pass-Through Logic to Inferred RAMs                                    ; On                 ; On                 ;
; Infer RAMs from Raw Logic                                                  ; On                 ; On                 ;
; Parallel Synthesis                                                         ; On                 ; On                 ;
; DSP Block Balancing                                                        ; Auto               ; Auto               ;
; NOT Gate Push-Back                                                         ; On                 ; On                 ;
; Power-Up Don't Care                                                        ; On                 ; On                 ;
; Remove Redundant Logic Cells                                               ; Off                ; Off                ;
; Remove Duplicate Registers                                                 ; On                 ; On                 ;
; Ignore CARRY Buffers                                                       ; Off                ; Off                ;
; Ignore CASCADE Buffers                                                     ; Off                ; Off                ;
; Ignore GLOBAL Buffers                                                      ; Off                ; Off                ;
; Ignore ROW GLOBAL Buffers                                                  ; Off                ; Off                ;
; Ignore LCELL Buffers                                                       ; Off                ; Off                ;
; Ignore SOFT Buffers                                                        ; On                 ; On                 ;
; Limit AHDL Integers to 32 Bits                                             ; Off                ; Off                ;
; Optimization Technique                                                     ; Balanced           ; Balanced           ;
; Carry Chain Length                                                         ; 70                 ; 70                 ;
; Auto Carry Chains                                                          ; On                 ; On                 ;
; Auto Open-Drain Pins                                                       ; On                 ; On                 ;
; Perform WYSIWYG Primitive Resynthesis                                      ; Off                ; Off                ;
; Auto ROM Replacement                                                       ; On                 ; On                 ;
; Auto RAM Replacement                                                       ; On                 ; On                 ;
; Auto DSP Block Replacement                                                 ; On                 ; On                 ;
; Auto Shift Register Replacement                                            ; Auto               ; Auto               ;
; Allow Shift Register Merging across Hierarchies                            ; Auto               ; Auto               ;
; Auto Clock Enable Replacement                                              ; On                 ; On                 ;
; Strict RAM Replacement                                                     ; Off                ; Off                ;
; Allow Synchronous Control Signals                                          ; On                 ; On                 ;
; Force Use of Synchronous Clear Signals                                     ; Off                ; Off                ;
; Auto RAM Block Balancing                                                   ; On                 ; On                 ;
; Auto RAM to Logic Cell Conversion                                          ; Off                ; Off                ;
; Auto Resource Sharing                                                      ; Off                ; Off                ;
; Allow Any RAM Size For Recognition                                         ; Off                ; Off                ;
; Allow Any ROM Size For Recognition                                         ; Off                ; Off                ;
; Allow Any Shift Register Size For Recognition                              ; Off                ; Off                ;
; Use LogicLock Constraints during Resource Balancing                        ; On                 ; On                 ;
; Ignore translate_off and synthesis_off directives                          ; Off                ; Off                ;
; Timing-Driven Synthesis                                                    ; On                 ; On                 ;
; Report Parameter Settings                                                  ; On                 ; On                 ;
; Report Source Assignments                                                  ; On                 ; On                 ;
; Report Connectivity Checks                                                 ; On                 ; On                 ;
; Ignore Maximum Fan-Out Assignments                                         ; Off                ; Off                ;
; Synchronization Register Chain Length                                      ; 2                  ; 2                  ;
; PowerPlay Power Optimization                                               ; Normal compilation ; Normal compilation ;
; HDL message level                                                          ; Level2             ; Level2             ;
; Suppress Register Optimization Related Messages                            ; Off                ; Off                ;
; Number of Removed Registers Reported in Synthesis Report                   ; 5000               ; 5000               ;
; Number of Swept Nodes Reported in Synthesis Report                         ; 5000               ; 5000               ;
; Number of Inverted Registers Reported in Synthesis Report                  ; 100                ; 100                ;
; Clock MUX Protection                                                       ; On                 ; On                 ;
; Auto Gated Clock Conversion                                                ; Off                ; Off                ;
; Block Design Naming                                                        ; Auto               ; Auto               ;
; SDC constraint protection                                                  ; Off                ; Off                ;
; Synthesis Effort                                                           ; Auto               ; Auto               ;
; Shift Register Replacement - Allow Asynchronous Clear Signal               ; On                 ; On                 ;
; Pre-Mapping Resynthesis Optimization                                       ; Off                ; Off                ;
; Analysis & Synthesis Message Level                                         ; Medium             ; Medium             ;
; Disable Register Merging Across Hierarchies                                ; Auto               ; Auto               ;
; Resource Aware Inference For Block RAM                                     ; On                 ; On                 ;
; Synthesis Seed                                                             ; 1                  ; 1                  ;
+----------------------------------------------------------------------------+--------------------+--------------------+


+------------------------------------------+
; Parallel Compilation                     ;
+----------------------------+-------------+
; Processors                 ; Number      ;
+----------------------------+-------------+
; Number detected on machine ; 4           ;
; Maximum allowed            ; 4           ;
;                            ;             ;
; Average used               ; 1.00        ;
; Maximum used               ; 2           ;
;                            ;             ;
; Usage by Processor         ; % Time Used ;
;     Processor 1            ; 100.0%      ;
;     Processor 2            ; < 0.1%      ;
;     Processors 3-4         ;   0.0%      ;
+----------------------------+-------------+


+------------------------------------------------------------------------------------------------------------------------------------+
; Analysis & Synthesis Source Files Read                                                                                             ;
+----------------------------------+-----------------+------------------------------+--------------------------------------+---------+
; File Name with User-Entered Path ; Used in Netlist ; File Type                    ; File Name with Absolute Path         ; Library ;
+----------------------------------+-----------------+------------------------------+--------------------------------------+---------+
; tristate.sv                      ; yes             ; User SystemVerilog HDL File  ; /home/wirjo2/slc3/SLC3/tristate.sv   ;         ;
; slc3.sv                          ; yes             ; User SystemVerilog HDL File  ; /home/wirjo2/slc3/SLC3/slc3.sv       ;         ;
; sext.sv                          ; yes             ; User SystemVerilog HDL File  ; /home/wirjo2/slc3/SLC3/sext.sv       ;         ;
; register.sv                      ; yes             ; User SystemVerilog HDL File  ; /home/wirjo2/slc3/SLC3/register.sv   ;         ;
; regfile.sv                       ; yes             ; User SystemVerilog HDL File  ; /home/wirjo2/slc3/SLC3/regfile.sv    ;         ;
; plus1.sv                         ; yes             ; User SystemVerilog HDL File  ; /home/wirjo2/slc3/SLC3/plus1.sv      ;         ;
; mux3.sv                          ; yes             ; User SystemVerilog HDL File  ; /home/wirjo2/slc3/SLC3/mux3.sv       ;         ;
; mux2.sv                          ; yes             ; User SystemVerilog HDL File  ; /home/wirjo2/slc3/SLC3/mux2.sv       ;         ;
; Mem2IO.sv                        ; yes             ; User SystemVerilog HDL File  ; /home/wirjo2/slc3/SLC3/Mem2IO.sv     ;         ;
; ISDU.sv                          ; yes             ; User SystemVerilog HDL File  ; /home/wirjo2/slc3/SLC3/ISDU.sv       ;         ;
; ir.sv                            ; yes             ; User SystemVerilog HDL File  ; /home/wirjo2/slc3/SLC3/ir.sv         ;         ;
; HexDriver.sv                     ; yes             ; User SystemVerilog HDL File  ; /home/wirjo2/slc3/SLC3/HexDriver.sv  ;         ;
; gencc.sv                         ; yes             ; User SystemVerilog HDL File  ; /home/wirjo2/slc3/SLC3/gencc.sv      ;         ;
; datapath.sv                      ; yes             ; User SystemVerilog HDL File  ; /home/wirjo2/slc3/SLC3/datapath.sv   ;         ;
; comparator.sv                    ; yes             ; User SystemVerilog HDL File  ; /home/wirjo2/slc3/SLC3/comparator.sv ;         ;
; alu.sv                           ; yes             ; User SystemVerilog HDL File  ; /home/wirjo2/slc3/SLC3/alu.sv        ;         ;
; adder.sv                         ; yes             ; User SystemVerilog HDL File  ; /home/wirjo2/slc3/SLC3/adder.sv      ;         ;
; mux4.sv                          ; yes             ; User SystemVerilog HDL File  ; /home/wirjo2/slc3/SLC3/mux4.sv       ;         ;
+----------------------------------+-----------------+------------------------------+--------------------------------------+---------+


+---------------------------------------------------------+
; Analysis & Synthesis Resource Usage Summary             ;
+---------------------------------------------+-----------+
; Resource                                    ; Usage     ;
+---------------------------------------------+-----------+
; Estimated Total logic elements              ; 77        ;
;                                             ;           ;
; Total combinational functions               ; 52        ;
; Logic element usage by number of LUT inputs ;           ;
;     -- 4 input functions                    ; 2         ;
;     -- 3 input functions                    ; 31        ;
;     -- <=2 input functions                  ; 19        ;
;                                             ;           ;
; Logic elements by mode                      ;           ;
;     -- normal mode                          ; 22        ;
;     -- arithmetic mode                      ; 30        ;
;                                             ;           ;
; Total registers                             ; 75        ;
;     -- Dedicated logic registers            ; 75        ;
;     -- I/O registers                        ; 0         ;
;                                             ;           ;
; I/O pins                                    ; 101       ;
; Embedded Multiplier 9-bit elements          ; 0         ;
; Maximum fan-out node                        ; Clk~input ;
; Maximum fan-out                             ; 75        ;
; Total fan-out                               ; 481       ;
; Average fan-out                             ; 1.39      ;
+---------------------------------------------+-----------+


+----------------------------------------------------------------------------------------------------------------------------------------------------------------------------------------+
; Analysis & Synthesis Resource Utilization by Entity                                                                                                                                    ;
+----------------------------+-------------------+--------------+-------------+--------------+---------+-----------+------+--------------+--------------------------------+--------------+
; Compilation Hierarchy Node ; LC Combinationals ; LC Registers ; Memory Bits ; DSP Elements ; DSP 9x9 ; DSP 18x18 ; Pins ; Virtual Pins ; Full Hierarchy Name            ; Library Name ;
+----------------------------+-------------------+--------------+-------------+--------------+---------+-----------+------+--------------+--------------------------------+--------------+
; |slc3                      ; 52 (0)            ; 75 (0)       ; 0           ; 0            ; 0       ; 0         ; 101  ; 0            ; |slc3                          ; work         ;
;    |ISDU:state_controller| ; 4 (4)             ; 6 (6)        ; 0           ; 0            ; 0       ; 0         ; 0    ; 0            ; |slc3|ISDU:state_controller    ; work         ;
;    |datapath:d0|           ; 32 (0)            ; 37 (0)       ; 0           ; 0            ; 0       ; 0         ; 0    ; 0            ; |slc3|datapath:d0              ; work         ;
;       |ir:irunit|          ; 0 (0)             ; 5 (5)        ; 0           ; 0            ; 0       ; 0         ; 0    ; 0            ; |slc3|datapath:d0|ir:irunit    ; work         ;
;       |register:mar|       ; 16 (16)           ; 16 (16)      ; 0           ; 0            ; 0       ; 0         ; 0    ; 0            ; |slc3|datapath:d0|register:mar ; work         ;
;       |register:pc|        ; 16 (16)           ; 16 (16)      ; 0           ; 0            ; 0       ; 0         ; 0    ; 0            ; |slc3|datapath:d0|register:pc  ; work         ;
;    |mux4:muxforCPU_bus|    ; 16 (16)           ; 0 (0)        ; 0           ; 0            ; 0       ; 0         ; 0    ; 0            ; |slc3|mux4:muxforCPU_bus       ; work         ;
;    |tristate:tr0|          ; 0 (0)             ; 32 (32)      ; 0           ; 0            ; 0       ; 0         ; 0    ; 0            ; |slc3|tristate:tr0             ; work         ;
+----------------------------+-------------------+--------------+-------------+--------------+---------+-----------+------+--------------+--------------------------------+--------------+
Note: For table entries with two numbers listed, the numbers in parentheses indicate the number of resources of the given type used by the specific entity alone. The numbers listed outside of parentheses indicate the total resources of the given type used by the specific entity and all of its sub-entities in the hierarchy.


Encoding Type:  One-Hot
+-----------------------------------------------------------------------------------------------------------------------------------------------------------------------------------------------------------------------------------------------------------+
; State Machine - |slc3|ISDU:state_controller|State                                                                                                                                                                                                         ;
+----------------+------------+------------+------------+------------+------------+------------+------------+------------+------------+------------+--------------+--------------+------------+----------------+----------------+--------------+------------+
; Name           ; State.S_20 ; State.S_21 ; State.S_04 ; State.S_12 ; State.S_00 ; State.S_09 ; State.S_05 ; State.S_01 ; State.S_32 ; State.S_35 ; State.S_33_2 ; State.S_33_1 ; State.S_18 ; State.PauseIR2 ; State.PauseIR1 ; State.Halted ; State.S_22 ;
+----------------+------------+------------+------------+------------+------------+------------+------------+------------+------------+------------+--------------+--------------+------------+----------------+----------------+--------------+------------+
; State.Halted   ; 0          ; 0          ; 0          ; 0          ; 0          ; 0          ; 0          ; 0          ; 0          ; 0          ; 0            ; 0            ; 0          ; 0              ; 0              ; 0            ; 0          ;
; State.PauseIR1 ; 0          ; 0          ; 0          ; 0          ; 0          ; 0          ; 0          ; 0          ; 0          ; 0          ; 0            ; 0            ; 0          ; 0              ; 1              ; 1            ; 0          ;
; State.PauseIR2 ; 0          ; 0          ; 0          ; 0          ; 0          ; 0          ; 0          ; 0          ; 0          ; 0          ; 0            ; 0            ; 0          ; 1              ; 0              ; 1            ; 0          ;
; State.S_18     ; 0          ; 0          ; 0          ; 0          ; 0          ; 0          ; 0          ; 0          ; 0          ; 0          ; 0            ; 0            ; 1          ; 0              ; 0              ; 1            ; 0          ;
; State.S_33_1   ; 0          ; 0          ; 0          ; 0          ; 0          ; 0          ; 0          ; 0          ; 0          ; 0          ; 0            ; 1            ; 0          ; 0              ; 0              ; 1            ; 0          ;
; State.S_33_2   ; 0          ; 0          ; 0          ; 0          ; 0          ; 0          ; 0          ; 0          ; 0          ; 0          ; 1            ; 0            ; 0          ; 0              ; 0              ; 1            ; 0          ;
; State.S_35     ; 0          ; 0          ; 0          ; 0          ; 0          ; 0          ; 0          ; 0          ; 0          ; 1          ; 0            ; 0            ; 0          ; 0              ; 0              ; 1            ; 0          ;
; State.S_32     ; 0          ; 0          ; 0          ; 0          ; 0          ; 0          ; 0          ; 0          ; 1          ; 0          ; 0            ; 0            ; 0          ; 0              ; 0              ; 1            ; 0          ;
; State.S_01     ; 0          ; 0          ; 0          ; 0          ; 0          ; 0          ; 0          ; 1          ; 0          ; 0          ; 0            ; 0            ; 0          ; 0              ; 0              ; 1            ; 0          ;
; State.S_05     ; 0          ; 0          ; 0          ; 0          ; 0          ; 0          ; 1          ; 0          ; 0          ; 0          ; 0            ; 0            ; 0          ; 0              ; 0              ; 1            ; 0          ;
; State.S_09     ; 0          ; 0          ; 0          ; 0          ; 0          ; 1          ; 0          ; 0          ; 0          ; 0          ; 0            ; 0            ; 0          ; 0              ; 0              ; 1            ; 0          ;
; State.S_00     ; 0          ; 0          ; 0          ; 0          ; 1          ; 0          ; 0          ; 0          ; 0          ; 0          ; 0            ; 0            ; 0          ; 0              ; 0              ; 1            ; 0          ;
; State.S_12     ; 0          ; 0          ; 0          ; 1          ; 0          ; 0          ; 0          ; 0          ; 0          ; 0          ; 0            ; 0            ; 0          ; 0              ; 0              ; 1            ; 0          ;
; State.S_04     ; 0          ; 0          ; 1          ; 0          ; 0          ; 0          ; 0          ; 0          ; 0          ; 0          ; 0            ; 0            ; 0          ; 0              ; 0              ; 1            ; 0          ;
; State.S_21     ; 0          ; 1          ; 0          ; 0          ; 0          ; 0          ; 0          ; 0          ; 0          ; 0          ; 0            ; 0            ; 0          ; 0              ; 0              ; 1            ; 0          ;
; State.S_20     ; 1          ; 0          ; 0          ; 0          ; 0          ; 0          ; 0          ; 0          ; 0          ; 0          ; 0            ; 0            ; 0          ; 0              ; 0              ; 1            ; 0          ;
; State.S_22     ; 0          ; 0          ; 0          ; 0          ; 0          ; 0          ; 0          ; 0          ; 0          ; 0          ; 0            ; 0            ; 0          ; 0              ; 0              ; 1            ; 1          ;
+----------------+------------+------------+------------+------------+------------+------------+------------+------------+------------+------------+--------------+--------------+------------+----------------+----------------+--------------+------------+


+--------------------------------------------------------------------------------------+
; Registers Removed During Synthesis                                                   ;
+----------------------------------------+---------------------------------------------+
; Register name                          ; Reason for Removal                          ;
+----------------------------------------+---------------------------------------------+
; Mem2IO:memory_subsystem|hex_data[15]   ; Stuck at GND due to stuck port clock_enable ;
; datapath:d0|register:mdr|data[15]      ; Lost fanout                                 ;
; Mem2IO:memory_subsystem|hex_data[14]   ; Stuck at GND due to stuck port clock_enable ;
; datapath:d0|register:mdr|data[14]      ; Lost fanout                                 ;
; Mem2IO:memory_subsystem|hex_data[13]   ; Stuck at GND due to stuck port clock_enable ;
; datapath:d0|register:mdr|data[13]      ; Lost fanout                                 ;
; Mem2IO:memory_subsystem|hex_data[12]   ; Stuck at GND due to stuck port clock_enable ;
; datapath:d0|register:mdr|data[12]      ; Lost fanout                                 ;
; Mem2IO:memory_subsystem|hex_data[11]   ; Stuck at GND due to stuck port clock_enable ;
; datapath:d0|register:mdr|data[11]      ; Lost fanout                                 ;
; Mem2IO:memory_subsystem|hex_data[10]   ; Stuck at GND due to stuck port clock_enable ;
; datapath:d0|register:mdr|data[10]      ; Lost fanout                                 ;
; Mem2IO:memory_subsystem|hex_data[9]    ; Stuck at GND due to stuck port clock_enable ;
; datapath:d0|register:mdr|data[9]       ; Lost fanout                                 ;
; Mem2IO:memory_subsystem|hex_data[8]    ; Stuck at GND due to stuck port clock_enable ;
; datapath:d0|register:mdr|data[8]       ; Lost fanout                                 ;
; Mem2IO:memory_subsystem|hex_data[7]    ; Stuck at GND due to stuck port clock_enable ;
; datapath:d0|register:mdr|data[7]       ; Lost fanout                                 ;
; Mem2IO:memory_subsystem|hex_data[6]    ; Stuck at GND due to stuck port clock_enable ;
; datapath:d0|register:mdr|data[6]       ; Lost fanout                                 ;
; Mem2IO:memory_subsystem|hex_data[5]    ; Stuck at GND due to stuck port clock_enable ;
; datapath:d0|register:mdr|data[5]       ; Lost fanout                                 ;
; Mem2IO:memory_subsystem|hex_data[4]    ; Stuck at GND due to stuck port clock_enable ;
; datapath:d0|register:mdr|data[4]       ; Lost fanout                                 ;
; Mem2IO:memory_subsystem|hex_data[3]    ; Stuck at GND due to stuck port clock_enable ;
; datapath:d0|register:mdr|data[3]       ; Lost fanout                                 ;
; Mem2IO:memory_subsystem|hex_data[2]    ; Stuck at GND due to stuck port clock_enable ;
; datapath:d0|register:mdr|data[2]       ; Lost fanout                                 ;
; Mem2IO:memory_subsystem|hex_data[1]    ; Stuck at GND due to stuck port clock_enable ;
; datapath:d0|register:mdr|data[1]       ; Lost fanout                                 ;
; Mem2IO:memory_subsystem|hex_data[0]    ; Stuck at GND due to stuck port clock_enable ;
; datapath:d0|register:mdr|data[0]       ; Lost fanout                                 ;
; datapath:d0|register:cc|data[0..2]     ; Stuck at GND due to stuck port clock_enable ;
; datapath:d0|ir:irunit|data[5..10]      ; Lost fanout                                 ;
; ISDU:state_controller|State.S_01       ; Lost fanout                                 ;
; ISDU:state_controller|State.S_05       ; Lost fanout                                 ;
; ISDU:state_controller|State.S_09       ; Lost fanout                                 ;
; ISDU:state_controller|State.S_12       ; Lost fanout                                 ;
; ISDU:state_controller|State.S_22       ; Lost fanout                                 ;
; ISDU:state_controller|State~4          ; Lost fanout                                 ;
; ISDU:state_controller|State~5          ; Lost fanout                                 ;
; ISDU:state_controller|State~6          ; Lost fanout                                 ;
; ISDU:state_controller|State~7          ; Lost fanout                                 ;
; ISDU:state_controller|State.PauseIR2   ; Stuck at GND due to stuck port data_in      ;
; ISDU:state_controller|State.S_04       ; Stuck at GND due to stuck port data_in      ;
; datapath:d0|ir:irunit|data[11]         ; Lost fanout                                 ;
; ISDU:state_controller|State.S_21       ; Stuck at GND due to stuck port data_in      ;
; ISDU:state_controller|State.S_20       ; Stuck at GND due to stuck port data_in      ;
; ISDU:state_controller|State.PauseIR1   ; Stuck at GND due to stuck port data_in      ;
; ISDU:state_controller|State.S_00       ; Lost fanout                                 ;
; Total Number of Removed Registers = 57 ;                                             ;
+----------------------------------------+---------------------------------------------+


+--------------------------------------------------------------------------------------------------------------------------------------------+
; Removed Registers Triggering Further Register Optimizations                                                                                ;
+--------------------------------------+--------------------------------+--------------------------------------------------------------------+
; Register name                        ; Reason for Removal             ; Registers Removed due to This Register                             ;
+--------------------------------------+--------------------------------+--------------------------------------------------------------------+
; datapath:d0|register:cc|data[2]      ; Stuck at GND                   ; datapath:d0|ir:irunit|data[9], datapath:d0|ir:irunit|data[10],     ;
;                                      ; due to stuck port clock_enable ; datapath:d0|ir:irunit|data[11]                                     ;
; ISDU:state_controller|State.S_04     ; Stuck at GND                   ; ISDU:state_controller|State.S_21, ISDU:state_controller|State.S_20 ;
;                                      ; due to stuck port data_in      ;                                                                    ;
; Mem2IO:memory_subsystem|hex_data[15] ; Stuck at GND                   ; datapath:d0|register:mdr|data[15]                                  ;
;                                      ; due to stuck port clock_enable ;                                                                    ;
; Mem2IO:memory_subsystem|hex_data[14] ; Stuck at GND                   ; datapath:d0|register:mdr|data[14]                                  ;
;                                      ; due to stuck port clock_enable ;                                                                    ;
; Mem2IO:memory_subsystem|hex_data[13] ; Stuck at GND                   ; datapath:d0|register:mdr|data[13]                                  ;
;                                      ; due to stuck port clock_enable ;                                                                    ;
; Mem2IO:memory_subsystem|hex_data[12] ; Stuck at GND                   ; datapath:d0|register:mdr|data[12]                                  ;
;                                      ; due to stuck port clock_enable ;                                                                    ;
; Mem2IO:memory_subsystem|hex_data[11] ; Stuck at GND                   ; datapath:d0|register:mdr|data[11]                                  ;
;                                      ; due to stuck port clock_enable ;                                                                    ;
; Mem2IO:memory_subsystem|hex_data[10] ; Stuck at GND                   ; datapath:d0|register:mdr|data[10]                                  ;
;                                      ; due to stuck port clock_enable ;                                                                    ;
; Mem2IO:memory_subsystem|hex_data[9]  ; Stuck at GND                   ; datapath:d0|register:mdr|data[9]                                   ;
;                                      ; due to stuck port clock_enable ;                                                                    ;
; Mem2IO:memory_subsystem|hex_data[8]  ; Stuck at GND                   ; datapath:d0|register:mdr|data[8]                                   ;
;                                      ; due to stuck port clock_enable ;                                                                    ;
; Mem2IO:memory_subsystem|hex_data[7]  ; Stuck at GND                   ; datapath:d0|register:mdr|data[7]                                   ;
;                                      ; due to stuck port clock_enable ;                                                                    ;
; Mem2IO:memory_subsystem|hex_data[6]  ; Stuck at GND                   ; datapath:d0|register:mdr|data[6]                                   ;
;                                      ; due to stuck port clock_enable ;                                                                    ;
; Mem2IO:memory_subsystem|hex_data[5]  ; Stuck at GND                   ; datapath:d0|register:mdr|data[5]                                   ;
;                                      ; due to stuck port clock_enable ;                                                                    ;
; Mem2IO:memory_subsystem|hex_data[4]  ; Stuck at GND                   ; datapath:d0|register:mdr|data[4]                                   ;
;                                      ; due to stuck port clock_enable ;                                                                    ;
; Mem2IO:memory_subsystem|hex_data[3]  ; Stuck at GND                   ; datapath:d0|register:mdr|data[3]                                   ;
;                                      ; due to stuck port clock_enable ;                                                                    ;
; Mem2IO:memory_subsystem|hex_data[2]  ; Stuck at GND                   ; datapath:d0|register:mdr|data[2]                                   ;
;                                      ; due to stuck port clock_enable ;                                                                    ;
; Mem2IO:memory_subsystem|hex_data[1]  ; Stuck at GND                   ; datapath:d0|register:mdr|data[1]                                   ;
;                                      ; due to stuck port clock_enable ;                                                                    ;
; Mem2IO:memory_subsystem|hex_data[0]  ; Stuck at GND                   ; datapath:d0|register:mdr|data[0]                                   ;
;                                      ; due to stuck port clock_enable ;                                                                    ;
+--------------------------------------+--------------------------------+--------------------------------------------------------------------+


+------------------------------------------------------+
; General Register Statistics                          ;
+----------------------------------------------+-------+
; Statistic                                    ; Value ;
+----------------------------------------------+-------+
; Total registers                              ; 75    ;
; Number of registers using Synchronous Clear  ; 0     ;
; Number of registers using Synchronous Load   ; 0     ;
; Number of registers using Asynchronous Clear ; 6     ;
; Number of registers using Asynchronous Load  ; 0     ;
; Number of registers using Clock Enable       ; 37    ;
; Number of registers using Preset             ; 0     ;
+----------------------------------------------+-------+


+----------------------------------------------------------------------------------------------------------------------------------------------+
; Multiplexer Restructuring Statistics (Restructuring Performed)                                                                               ;
+--------------------+-----------+---------------+----------------------+------------------------+------------+--------------------------------+
; Multiplexer Inputs ; Bus Width ; Baseline Area ; Area if Restructured ; Saving if Restructured ; Registered ; Example Multiplexer Output     ;
+--------------------+-----------+---------------+----------------------+------------------------+------------+--------------------------------+
; 7:1                ; 16 bits   ; 64 LEs        ; 64 LEs               ; 0 LEs                  ; No         ; |slc3|mux4:muxforCPU_bus|Mux15 ;
+--------------------+-----------+---------------+----------------------+------------------------+------------+--------------------------------+


+-----------------------------------------------------------------+
; Parameter Settings for User Entity Instance: mux4:muxforCPU_bus ;
+----------------+-------+----------------------------------------+
; Parameter Name ; Value ; Type                                   ;
+----------------+-------+----------------------------------------+
; width          ; 16    ; Signed Integer                         ;
+----------------+-------+----------------------------------------+
Note: In order to hide this table in the UI and the text report file, please set the "Show Parameter Settings in Synthesis Report" option in "Analysis and Synthesis Settings -> More Settings" to "Off".


+---------------------------------------------------------------------+
; Parameter Settings for User Entity Instance: datapath:d0|mux3:pcmux ;
+----------------+-------+--------------------------------------------+
; Parameter Name ; Value ; Type                                       ;
+----------------+-------+--------------------------------------------+
; width          ; 16    ; Signed Integer                             ;
+----------------+-------+--------------------------------------------+
Note: In order to hide this table in the UI and the text report file, please set the "Show Parameter Settings in Synthesis Report" option in "Analysis and Synthesis Settings -> More Settings" to "Off".


+-------------------------------------------------------------------------+
; Parameter Settings for User Entity Instance: datapath:d0|mux3:adder2mux ;
+----------------+-------+------------------------------------------------+
; Parameter Name ; Value ; Type                                           ;
+----------------+-------+------------------------------------------------+
; width          ; 16    ; Signed Integer                                 ;
+----------------+-------+------------------------------------------------+
Note: In order to hide this table in the UI and the text report file, please set the "Show Parameter Settings in Synthesis Report" option in "Analysis and Synthesis Settings -> More Settings" to "Off".


+-------------------------------------------------------------------------+
; Parameter Settings for User Entity Instance: datapath:d0|mux2:adder1mux ;
+----------------+-------+------------------------------------------------+
; Parameter Name ; Value ; Type                                           ;
+----------------+-------+------------------------------------------------+
; width          ; 16    ; Signed Integer                                 ;
+----------------+-------+------------------------------------------------+
Note: In order to hide this table in the UI and the text report file, please set the "Show Parameter Settings in Synthesis Report" option in "Analysis and Synthesis Settings -> More Settings" to "Off".


+----------------------------------------------------------------------------+
; Parameter Settings for User Entity Instance: datapath:d0|sext:offset6_sext ;
+----------------+-------+---------------------------------------------------+
; Parameter Name ; Value ; Type                                              ;
+----------------+-------+---------------------------------------------------+
; width          ; 5     ; Signed Integer                                    ;
+----------------+-------+---------------------------------------------------+
Note: In order to hide this table in the UI and the text report file, please set the "Show Parameter Settings in Synthesis Report" option in "Analysis and Synthesis Settings -> More Settings" to "Off".


+---------------------------------------------------------------------------+
; Parameter Settings for User Entity Instance: datapath:d0|sext:pc_offset11 ;
+----------------+-------+--------------------------------------------------+
; Parameter Name ; Value ; Type                                             ;
+----------------+-------+--------------------------------------------------+
; width          ; 5     ; Signed Integer                                   ;
+----------------+-------+--------------------------------------------------+
Note: In order to hide this table in the UI and the text report file, please set the "Show Parameter Settings in Synthesis Report" option in "Analysis and Synthesis Settings -> More Settings" to "Off".


+--------------------------------------------------------------------------+
; Parameter Settings for User Entity Instance: datapath:d0|sext:pc_offset9 ;
+----------------+-------+-------------------------------------------------+
; Parameter Name ; Value ; Type                                            ;
+----------------+-------+-------------------------------------------------+
; width          ; 5     ; Signed Integer                                  ;
+----------------+-------+-------------------------------------------------+
Note: In order to hide this table in the UI and the text report file, please set the "Show Parameter Settings in Synthesis Report" option in "Analysis and Synthesis Settings -> More Settings" to "Off".


+----------------------------------------------------------------------+
; Parameter Settings for User Entity Instance: datapath:d0|register:pc ;
+----------------+-------+---------------------------------------------+
; Parameter Name ; Value ; Type                                        ;
+----------------+-------+---------------------------------------------+
; width          ; 16    ; Signed Integer                              ;
+----------------+-------+---------------------------------------------+
Note: In order to hide this table in the UI and the text report file, please set the "Show Parameter Settings in Synthesis Report" option in "Analysis and Synthesis Settings -> More Settings" to "Off".


+--------------------------------------------------------------------------+
; Parameter Settings for User Entity Instance: datapath:d0|plus1:plus1unit ;
+----------------+-------+-------------------------------------------------+
; Parameter Name ; Value ; Type                                            ;
+----------------+-------+-------------------------------------------------+
; width          ; 16    ; Signed Integer                                  ;
+----------------+-------+-------------------------------------------------+
Note: In order to hide this table in the UI and the text report file, please set the "Show Parameter Settings in Synthesis Report" option in "Analysis and Synthesis Settings -> More Settings" to "Off".


+----------------------------------------------------------------------+
; Parameter Settings for User Entity Instance: datapath:d0|mux2:marmux ;
+----------------+-------+---------------------------------------------+
; Parameter Name ; Value ; Type                                        ;
+----------------+-------+---------------------------------------------+
; width          ; 16    ; Signed Integer                              ;
+----------------+-------+---------------------------------------------+
Note: In order to hide this table in the UI and the text report file, please set the "Show Parameter Settings in Synthesis Report" option in "Analysis and Synthesis Settings -> More Settings" to "Off".


+-----------------------------------------------------------------------+
; Parameter Settings for User Entity Instance: datapath:d0|register:mar ;
+----------------+-------+----------------------------------------------+
; Parameter Name ; Value ; Type                                         ;
+----------------+-------+----------------------------------------------+
; width          ; 16    ; Signed Integer                               ;
+----------------+-------+----------------------------------------------+
Note: In order to hide this table in the UI and the text report file, please set the "Show Parameter Settings in Synthesis Report" option in "Analysis and Synthesis Settings -> More Settings" to "Off".


+----------------------------------------------------------------------+
; Parameter Settings for User Entity Instance: datapath:d0|mux3:mdrmux ;
+----------------+-------+---------------------------------------------+
; Parameter Name ; Value ; Type                                        ;
+----------------+-------+---------------------------------------------+
; width          ; 16    ; Signed Integer                              ;
+----------------+-------+---------------------------------------------+
Note: In order to hide this table in the UI and the text report file, please set the "Show Parameter Settings in Synthesis Report" option in "Analysis and Synthesis Settings -> More Settings" to "Off".


+-----------------------------------------------------------------------+
; Parameter Settings for User Entity Instance: datapath:d0|register:mdr ;
+----------------+-------+----------------------------------------------+
; Parameter Name ; Value ; Type                                         ;
+----------------+-------+----------------------------------------------+
; width          ; 16    ; Signed Integer                               ;
+----------------+-------+----------------------------------------------+
Note: In order to hide this table in the UI and the text report file, please set the "Show Parameter Settings in Synthesis Report" option in "Analysis and Synthesis Settings -> More Settings" to "Off".


+-------------------------------------------------------------------------+
; Parameter Settings for User Entity Instance: datapath:d0|sext:imm5_sext ;
+----------------+-------+------------------------------------------------+
; Parameter Name ; Value ; Type                                           ;
+----------------+-------+------------------------------------------------+
; width          ; 5     ; Signed Integer                                 ;
+----------------+-------+------------------------------------------------+
Note: In order to hide this table in the UI and the text report file, please set the "Show Parameter Settings in Synthesis Report" option in "Analysis and Synthesis Settings -> More Settings" to "Off".


+----------------------------------------------------------------------+
; Parameter Settings for User Entity Instance: datapath:d0|mux2:sr2mux ;
+----------------+-------+---------------------------------------------+
; Parameter Name ; Value ; Type                                        ;
+----------------+-------+---------------------------------------------+
; width          ; 16    ; Signed Integer                              ;
+----------------+-------+---------------------------------------------+
Note: In order to hide this table in the UI and the text report file, please set the "Show Parameter Settings in Synthesis Report" option in "Analysis and Synthesis Settings -> More Settings" to "Off".


+----------------------------------------------------------------------+
; Parameter Settings for User Entity Instance: datapath:d0|mux2:alumux ;
+----------------+-------+---------------------------------------------+
; Parameter Name ; Value ; Type                                        ;
+----------------+-------+---------------------------------------------+
; width          ; 16    ; Signed Integer                              ;
+----------------+-------+---------------------------------------------+
Note: In order to hide this table in the UI and the text report file, please set the "Show Parameter Settings in Synthesis Report" option in "Analysis and Synthesis Settings -> More Settings" to "Off".


+------------------------------------------------------------------------+
; Parameter Settings for User Entity Instance: datapath:d0|mux2:storemux ;
+----------------+-------+-----------------------------------------------+
; Parameter Name ; Value ; Type                                          ;
+----------------+-------+-----------------------------------------------+
; width          ; 16    ; Signed Integer                                ;
+----------------+-------+-----------------------------------------------+
Note: In order to hide this table in the UI and the text report file, please set the "Show Parameter Settings in Synthesis Report" option in "Analysis and Synthesis Settings -> More Settings" to "Off".


+----------------------------------------------------------------------+
; Parameter Settings for User Entity Instance: datapath:d0|register:cc ;
+----------------+-------+---------------------------------------------+
; Parameter Name ; Value ; Type                                        ;
+----------------+-------+---------------------------------------------+
; width          ; 3     ; Signed Integer                              ;
+----------------+-------+---------------------------------------------+
Note: In order to hide this table in the UI and the text report file, please set the "Show Parameter Settings in Synthesis Report" option in "Analysis and Synthesis Settings -> More Settings" to "Off".


+-----------------------------------------------------------+
; Parameter Settings for User Entity Instance: tristate:tr0 ;
+----------------+-------+----------------------------------+
; Parameter Name ; Value ; Type                             ;
+----------------+-------+----------------------------------+
; N              ; 16    ; Signed Integer                   ;
+----------------+-------+----------------------------------+
Note: In order to hide this table in the UI and the text report file, please set the "Show Parameter Settings in Synthesis Report" option in "Analysis and Synthesis Settings -> More Settings" to "Off".


+----------------------------------------------------------------------------------------------------------------------+
; Port Connectivity Checks: "ISDU:state_controller"                                                                    ;
+------------+--------+----------+-------------------------------------------------------------------------------------+
; Port       ; Type   ; Severity ; Details                                                                             ;
+------------+--------+----------+-------------------------------------------------------------------------------------+
; ContinueIR ; Input  ; Info     ; Stuck at GND                                                                        ;
; LD_BEN     ; Output ; Info     ; Connected to dangling logic. Logic that only feeds a dangling port will be removed. ;
; GatePC     ; Output ; Info     ; Connected to dangling logic. Logic that only feeds a dangling port will be removed. ;
; GateMDR    ; Output ; Info     ; Connected to dangling logic. Logic that only feeds a dangling port will be removed. ;
; GateALU    ; Output ; Info     ; Connected to dangling logic. Logic that only feeds a dangling port will be removed. ;
; GateMARMUX ; Output ; Info     ; Connected to dangling logic. Logic that only feeds a dangling port will be removed. ;
; SR1MUX     ; Output ; Info     ; Connected to dangling logic. Logic that only feeds a dangling port will be removed. ;
; SR2MUX     ; Output ; Info     ; Connected to dangling logic. Logic that only feeds a dangling port will be removed. ;
+------------+--------+----------+-------------------------------------------------------------------------------------+


+------------------------------------------------------------------------------------------------------------------------+
; Port Connectivity Checks: "Mem2IO:memory_subsystem"                                                                    ;
+--------------+--------+----------+-------------------------------------------------------------------------------------+
; Port         ; Type   ; Severity ; Details                                                                             ;
+--------------+--------+----------+-------------------------------------------------------------------------------------+
; A[19..16]    ; Input  ; Info     ; Stuck at GND                                                                        ;
; Data_Mem_Out ; Output ; Info     ; Connected to dangling logic. Logic that only feeds a dangling port will be removed. ;
+--------------+--------+----------+-------------------------------------------------------------------------------------+


+------------------------------------------------------------------------------------------------------------------------------------------------------------------------+
; Port Connectivity Checks: "datapath:d0|mux2:storemux"                                                                                                                  ;
+------+--------+----------+---------------------------------------------------------------------------------------------------------------------------------------------+
; Port ; Type   ; Severity ; Details                                                                                                                                     ;
+------+--------+----------+---------------------------------------------------------------------------------------------------------------------------------------------+
; a    ; Input  ; Warning  ; Input port expression (3 bits) is smaller than the input port (16 bits) it drives.  Extra input bit(s) "a[15..3]" will be connected to GND. ;
; b    ; Input  ; Warning  ; Input port expression (3 bits) is smaller than the input port (16 bits) it drives.  Extra input bit(s) "b[15..3]" will be connected to GND. ;
; b    ; Input  ; Info     ; Stuck at VCC                                                                                                                                ;
; f    ; Output ; Warning  ; Output or bidir port (16 bits) is wider than the port expression (3 bits) it drives; bit(s) "f[15..3]" have no fanouts                      ;
+------+--------+----------+---------------------------------------------------------------------------------------------------------------------------------------------+


+-------------------------------------------------------------------------------------------------------------------------------------------------------------------------------------------------------------+
; Port Connectivity Checks: "datapath:d0|alu:ArithmeticLogicUnit"                                                                                                                                             ;
+-------+-------+----------+----------------------------------------------------------------------------------------------------------------------------------------------------------------------------------+
; Port  ; Type  ; Severity ; Details                                                                                                                                                                          ;
+-------+-------+----------+----------------------------------------------------------------------------------------------------------------------------------------------------------------------------------+
; aluop ; Input ; Warning  ; Input port expression (4 bits) is wider than the input port (2 bits) it drives.  The 2 most-significant bit(s) in the expression will be dangling if they have no other fanouts. ;
+-------+-------+----------+----------------------------------------------------------------------------------------------------------------------------------------------------------------------------------+


+------------------------------------------------------------------------------------------------------------------------------------------------------------------------------------------------------------+
; Port Connectivity Checks: "datapath:d0|mux2:alumux"                                                                                                                                                        ;
+------+-------+----------+----------------------------------------------------------------------------------------------------------------------------------------------------------------------------------+
; Port ; Type  ; Severity ; Details                                                                                                                                                                          ;
+------+-------+----------+----------------------------------------------------------------------------------------------------------------------------------------------------------------------------------+
; sel  ; Input ; Warning  ; Input port expression (2 bits) is wider than the input port (1 bits) it drives.  The 1 most-significant bit(s) in the expression will be dangling if they have no other fanouts. ;
+------+-------+----------+----------------------------------------------------------------------------------------------------------------------------------------------------------------------------------+


+------------------------------------------------------------------------------------------------------------------+
; Port Connectivity Checks: "datapath:d0|ir:irunit"                                                                ;
+--------+--------+----------+-------------------------------------------------------------------------------------+
; Port   ; Type   ; Severity ; Details                                                                             ;
+--------+--------+----------+-------------------------------------------------------------------------------------+
; opcode ; Output ; Info     ; Connected to dangling logic. Logic that only feeds a dangling port will be removed. ;
+--------+--------+----------+-------------------------------------------------------------------------------------+


+-----------------------------------------------------+
; Port Connectivity Checks: "datapath:d0|mux3:mdrmux" ;
+------+-------+----------+---------------------------+
; Port ; Type  ; Severity ; Details                   ;
+------+-------+----------+---------------------------+
; b    ; Input ; Info     ; Stuck at GND              ;
; c    ; Input ; Info     ; Stuck at GND              ;
+------+-------+----------+---------------------------+


+-----------------------------------------------------+
; Port Connectivity Checks: "datapath:d0|mux2:marmux" ;
+------+-------+----------+---------------------------+
; Port ; Type  ; Severity ; Details                   ;
+------+-------+----------+---------------------------+
; b    ; Input ; Info     ; Stuck at GND              ;
+------+-------+----------+---------------------------+


+------------------------------------------------------------------------------------------------------------------------------------------------------------------------------------------------------------+
; Port Connectivity Checks: "datapath:d0|sext:pc_offset9"                                                                                                                                                    ;
+------+-------+----------+----------------------------------------------------------------------------------------------------------------------------------------------------------------------------------+
; Port ; Type  ; Severity ; Details                                                                                                                                                                          ;
+------+-------+----------+----------------------------------------------------------------------------------------------------------------------------------------------------------------------------------+
; in   ; Input ; Warning  ; Input port expression (9 bits) is wider than the input port (5 bits) it drives.  The 4 most-significant bit(s) in the expression will be dangling if they have no other fanouts. ;
+------+-------+----------+----------------------------------------------------------------------------------------------------------------------------------------------------------------------------------+


+-------------------------------------------------------------------------------------------------------------------------------------------------------------------------------------------------------------+
; Port Connectivity Checks: "datapath:d0|sext:pc_offset11"                                                                                                                                                    ;
+------+-------+----------+-----------------------------------------------------------------------------------------------------------------------------------------------------------------------------------+
; Port ; Type  ; Severity ; Details                                                                                                                                                                           ;
+------+-------+----------+-----------------------------------------------------------------------------------------------------------------------------------------------------------------------------------+
; in   ; Input ; Warning  ; Input port expression (11 bits) is wider than the input port (5 bits) it drives.  The 6 most-significant bit(s) in the expression will be dangling if they have no other fanouts. ;
+------+-------+----------+-----------------------------------------------------------------------------------------------------------------------------------------------------------------------------------+


+------------------------------------------------------------------------------------------------------------------------------------------------------------------------------------------------------------+
; Port Connectivity Checks: "datapath:d0|sext:offset6_sext"                                                                                                                                                  ;
+------+-------+----------+----------------------------------------------------------------------------------------------------------------------------------------------------------------------------------+
; Port ; Type  ; Severity ; Details                                                                                                                                                                          ;
+------+-------+----------+----------------------------------------------------------------------------------------------------------------------------------------------------------------------------------+
; in   ; Input ; Warning  ; Input port expression (6 bits) is wider than the input port (5 bits) it drives.  The 1 most-significant bit(s) in the expression will be dangling if they have no other fanouts. ;
+------+-------+----------+----------------------------------------------------------------------------------------------------------------------------------------------------------------------------------+


+-------------------------------------------------------------------------------------------------------------------------+
; Port Connectivity Checks: "datapath:d0"                                                                                 ;
+---------------+--------+----------+-------------------------------------------------------------------------------------+
; Port          ; Type   ; Severity ; Details                                                                             ;
+---------------+--------+----------+-------------------------------------------------------------------------------------+
; alumux_sel[1] ; Input  ; Info     ; Stuck at GND                                                                        ;
; aluop[3..2]   ; Input  ; Info     ; Stuck at GND                                                                        ;
; IR[11..6]     ; Output ; Info     ; Connected to dangling logic. Logic that only feeds a dangling port will be removed. ;
; IR[4..0]      ; Output ; Info     ; Connected to dangling logic. Logic that only feeds a dangling port will be removed. ;
; ledVect12     ; Output ; Info     ; Connected to dangling logic. Logic that only feeds a dangling port will be removed. ;
+---------------+--------+----------+-------------------------------------------------------------------------------------+


+-------------------------------+
; Elapsed Time Per Partition    ;
+----------------+--------------+
; Partition Name ; Elapsed Time ;
+----------------+--------------+
; Top            ; 00:00:00     ;
+----------------+--------------+


+-------------------------------+
; Analysis & Synthesis Messages ;
+-------------------------------+
Info: *******************************************************************
Info: Running Quartus II 32-bit Analysis & Synthesis
    Info: Version 13.1.4 Build 182 03/12/2014 SJ Full Version
    Info: Processing started: Sat Oct  3 13:20:49 2015
Info: Command: quartus_map --read_settings_files=on --write_settings_files=off slc3 -c slc3
Info (20030): Parallel compilation is enabled and will use 4 of the 4 processors detected
Info (12021): Found 1 design units, including 1 entities, in source file tristate.sv
    Info (12023): Found entity 1: tristate
Info (12021): Found 2 design units, including 1 entities, in source file test_memory.sv
    Info (12022): Found design unit 1: SLC3_2 (SystemVerilog)
    Info (12023): Found entity 1: test_memory
Info (12021): Found 0 design units, including 0 entities, in source file SLC3_2.sv
Info (12021): Found 1 design units, including 1 entities, in source file slc3.sv
    Info (12023): Found entity 1: slc3
Info (12021): Found 1 design units, including 1 entities, in source file sext.sv
    Info (12023): Found entity 1: sext
Info (12021): Found 1 design units, including 1 entities, in source file register.sv
    Info (12023): Found entity 1: register
Info (12021): Found 1 design units, including 1 entities, in source file regfile.sv
    Info (12023): Found entity 1: regfile
Info (12021): Found 1 design units, including 1 entities, in source file plus1.sv
    Info (12023): Found entity 1: plus1
Info (12021): Found 1 design units, including 1 entities, in source file mux3.sv
    Info (12023): Found entity 1: mux3
Info (12021): Found 1 design units, including 1 entities, in source file mux2.sv
    Info (12023): Found entity 1: mux2
Info (12021): Found 1 design units, including 1 entities, in source file Mem2IO.sv
    Info (12023): Found entity 1: Mem2IO
Info (12021): Found 1 design units, including 1 entities, in source file ISDU.sv
    Info (12023): Found entity 1: ISDU
Info (12021): Found 1 design units, including 1 entities, in source file ir.sv
    Info (12023): Found entity 1: ir
Info (12021): Found 1 design units, including 1 entities, in source file HexDriver.sv
    Info (12023): Found entity 1: HexDriver
Info (12021): Found 1 design units, including 1 entities, in source file gencc.sv
    Info (12023): Found entity 1: gencc
Info (12021): Found 1 design units, including 1 entities, in source file datapath.sv
    Info (12023): Found entity 1: datapath
Info (12021): Found 1 design units, including 1 entities, in source file comparator.sv
    Info (12023): Found entity 1: comparator
Info (12021): Found 1 design units, including 1 entities, in source file alu.sv
    Info (12023): Found entity 1: alu
Info (12021): Found 1 design units, including 1 entities, in source file adder.sv
    Info (12023): Found entity 1: adder
Info (12021): Found 1 design units, including 1 entities, in source file mux4.sv
    Info (12023): Found entity 1: mux4
Info (12127): Elaborating entity "slc3" for the top level hierarchy
Warning (10036): Verilog HDL or VHDL warning at slc3.sv(48): object "MIO_EN" assigned a value but never read
Warning (10034): Output port "LED" at slc3.sv(21) has no driver
Info (12128): Elaborating entity "HexDriver" for hierarchy "HexDriver:hex_drivers[0]"
Info (12128): Elaborating entity "mux4" for hierarchy "mux4:muxforCPU_bus"
Info (12128): Elaborating entity "datapath" for hierarchy "datapath:d0"
Warning (10034): Output port "IR" at datapath.sv(10) has no driver
Info (12128): Elaborating entity "mux3" for hierarchy "datapath:d0|mux3:pcmux"
Info (12128): Elaborating entity "mux2" for hierarchy "datapath:d0|mux2:adder1mux"
Info (12128): Elaborating entity "sext" for hierarchy "datapath:d0|sext:offset6_sext"
Info (12128): Elaborating entity "adder" for hierarchy "datapath:d0|adder:br_adder"
Info (12128): Elaborating entity "register" for hierarchy "datapath:d0|register:pc"
Info (12128): Elaborating entity "plus1" for hierarchy "datapath:d0|plus1:plus1unit"
Info (12128): Elaborating entity "ir" for hierarchy "datapath:d0|ir:irunit"
Info (12128): Elaborating entity "alu" for hierarchy "datapath:d0|alu:ArithmeticLogicUnit"
Info (12128): Elaborating entity "regfile" for hierarchy "datapath:d0|regfile:regfileunit"
Info (12128): Elaborating entity "gencc" for hierarchy "datapath:d0|gencc:genccunit"
Info (12128): Elaborating entity "register" for hierarchy "datapath:d0|register:cc"
Info (12128): Elaborating entity "comparator" for hierarchy "datapath:d0|comparator:nzpcomparator"
Info (12128): Elaborating entity "tristate" for hierarchy "tristate:tr0"
Info (12128): Elaborating entity "Mem2IO" for hierarchy "Mem2IO:memory_subsystem"
Info (12128): Elaborating entity "ISDU" for hierarchy "ISDU:state_controller"
Info (276014): Found 1 instances of uninferred RAM logic
    Info (276004): RAM logic "datapath:d0|regfile:regfileunit|data" is uninferred due to inappropriate RAM size
Warning (12241): 6 hierarchies have connectivity warnings - see the Connectivity Checks report folder
Warning (13008): TRI or OPNDRN buffers permanently disabled
    Warning (13010): Node "tristate:tr0|Data[0]~synth"
    Warning (13010): Node "tristate:tr0|Data[1]~synth"
    Warning (13010): Node "tristate:tr0|Data[2]~synth"
    Warning (13010): Node "tristate:tr0|Data[3]~synth"
    Warning (13010): Node "tristate:tr0|Data[4]~synth"
    Warning (13010): Node "tristate:tr0|Data[5]~synth"
    Warning (13010): Node "tristate:tr0|Data[6]~synth"
    Warning (13010): Node "tristate:tr0|Data[7]~synth"
    Warning (13010): Node "tristate:tr0|Data[8]~synth"
    Warning (13010): Node "tristate:tr0|Data[9]~synth"
    Warning (13010): Node "tristate:tr0|Data[10]~synth"
    Warning (13010): Node "tristate:tr0|Data[11]~synth"
    Warning (13010): Node "tristate:tr0|Data[12]~synth"
    Warning (13010): Node "tristate:tr0|Data[13]~synth"
    Warning (13010): Node "tristate:tr0|Data[14]~synth"
    Warning (13010): Node "tristate:tr0|Data[15]~synth"
Warning (13024): Output pins are stuck at VCC or GND
    Warning (13410): Pin "LED[0]" is stuck at GND
    Warning (13410): Pin "LED[1]" is stuck at GND
    Warning (13410): Pin "LED[2]" is stuck at GND
    Warning (13410): Pin "LED[3]" is stuck at GND
    Warning (13410): Pin "LED[4]" is stuck at GND
    Warning (13410): Pin "LED[5]" is stuck at GND
    Warning (13410): Pin "LED[6]" is stuck at GND
    Warning (13410): Pin "LED[7]" is stuck at GND
    Warning (13410): Pin "LED[8]" is stuck at GND
    Warning (13410): Pin "LED[9]" is stuck at GND
    Warning (13410): Pin "LED[10]" is stuck at GND
    Warning (13410): Pin "LED[11]" is stuck at GND
    Warning (13410): Pin "HEX0[0]" is stuck at GND
    Warning (13410): Pin "HEX0[1]" is stuck at GND
    Warning (13410): Pin "HEX0[2]" is stuck at GND
    Warning (13410): Pin "HEX0[3]" is stuck at GND
    Warning (13410): Pin "HEX0[4]" is stuck at GND
    Warning (13410): Pin "HEX0[5]" is stuck at GND
    Warning (13410): Pin "HEX0[6]" is stuck at VCC
    Warning (13410): Pin "HEX1[0]" is stuck at GND
    Warning (13410): Pin "HEX1[1]" is stuck at GND
    Warning (13410): Pin "HEX1[2]" is stuck at GND
    Warning (13410): Pin "HEX1[3]" is stuck at GND
    Warning (13410): Pin "HEX1[4]" is stuck at GND
    Warning (13410): Pin "HEX1[5]" is stuck at GND
    Warning (13410): Pin "HEX1[6]" is stuck at VCC
    Warning (13410): Pin "HEX2[0]" is stuck at GND
    Warning (13410): Pin "HEX2[1]" is stuck at GND
    Warning (13410): Pin "HEX2[2]" is stuck at GND
    Warning (13410): Pin "HEX2[3]" is stuck at GND
    Warning (13410): Pin "HEX2[4]" is stuck at GND
    Warning (13410): Pin "HEX2[5]" is stuck at GND
    Warning (13410): Pin "HEX2[6]" is stuck at VCC
    Warning (13410): Pin "HEX3[0]" is stuck at GND
    Warning (13410): Pin "HEX3[1]" is stuck at GND
    Warning (13410): Pin "HEX3[2]" is stuck at GND
    Warning (13410): Pin "HEX3[3]" is stuck at GND
    Warning (13410): Pin "HEX3[4]" is stuck at GND
    Warning (13410): Pin "HEX3[5]" is stuck at GND
    Warning (13410): Pin "HEX3[6]" is stuck at VCC
    Warning (13410): Pin "CE" is stuck at GND
    Warning (13410): Pin "UB" is stuck at GND
    Warning (13410): Pin "LB" is stuck at GND
    Warning (13410): Pin "WE" is stuck at VCC
    Warning (13410): Pin "ADDR[16]" is stuck at GND
    Warning (13410): Pin "ADDR[17]" is stuck at GND
    Warning (13410): Pin "ADDR[18]" is stuck at GND
    Warning (13410): Pin "ADDR[19]" is stuck at GND
Info (286030): Timing-Driven Synthesis is running
Info (17049): 33 registers lost all their fanouts during netlist optimizations.
Info (16010): Generating hard_block partition "hard_block:auto_generated_inst"
    Info (16011): Adding 0 node(s), including 0 DDIO, 0 PLL, 0 transceiver and 0 LCELL
Warning (21074): Design contains 17 input pin(s) that do not drive logic
    Warning (15610): No output dependent on input pin "S[0]"
    Warning (15610): No output dependent on input pin "S[1]"
    Warning (15610): No output dependent on input pin "S[2]"
    Warning (15610): No output dependent on input pin "S[3]"
    Warning (15610): No output dependent on input pin "S[4]"
    Warning (15610): No output dependent on input pin "S[5]"
    Warning (15610): No output dependent on input pin "S[6]"
    Warning (15610): No output dependent on input pin "S[7]"
    Warning (15610): No output dependent on input pin "S[8]"
    Warning (15610): No output dependent on input pin "S[9]"
    Warning (15610): No output dependent on input pin "S[10]"
    Warning (15610): No output dependent on input pin "S[11]"
    Warning (15610): No output dependent on input pin "S[12]"
    Warning (15610): No output dependent on input pin "S[13]"
    Warning (15610): No output dependent on input pin "S[14]"
    Warning (15610): No output dependent on input pin "S[15]"
    Warning (15610): No output dependent on input pin "Continue"
Info (21057): Implemented 183 device resources after synthesis - the final resource count might be different
    Info (21058): Implemented 20 input pins
    Info (21059): Implemented 65 output pins
    Info (21060): Implemented 16 bidirectional pins
    Info (21061): Implemented 82 logic cells
Info: Quartus II 32-bit Analysis & Synthesis was successful. 0 errors, 88 warnings
    Info: Peak virtual memory: 414 megabytes
    Info: Processing ended: Sat Oct  3 13:20:53 2015
    Info: Elapsed time: 00:00:04
    Info: Total CPU time (on all processors): 00:00:02


